


ARM Macro Assembler    Page 1 


    1 00000000         
    2 00000000                 IMPORT           SVC_Handler_Main
    3 00000000                 EXPORT           SYS_PRINT_STR
    4 00000000                 EXPORT           SVC_Handler
    5 00000000                 EXPORT           ASM_Switch_To_Unprivileged
    6 00000000         
    7 00000000                 AREA             |.text|, CODE, READONLY, ALIGN=
2
    8 00000000                 THUMB
    9 00000000                 REQUIRE8
   10 00000000                 PRESERVE8
   11 00000000         
   12 00000000         ; @brief  This function handles SVCall exception.
   13 00000000         ; @param  None
   14 00000000         ; @retval None
   15 00000000         
   16 00000000         SYS_PRINT_STR
   17 00000000 4601            MOV              R1,R0
   18 00000002 DF01            swi              0x01
   19 00000004         
   20 00000004         SVC_Handler
   21 00000004 460F            MOV              R7,R1
   22 00000006 F01E 0F04       TST              LR, #4
   23 0000000A BF0C F3EF 
              8108             MRSEQ            R1, MSP
   24 00000010 F3EF 8109       MRSNE            R1, PSP
   25 00000014         ;r1 <- sp
   26 00000014 6988            LDR              R0, [R1,#24]
   27 00000016         ;r0 <- pc
   28 00000016 F1A0 0002       SUB              R0, 2
   29 0000001A         ;r0 <- instruction pointer
   30 0000001A 6801            LDR              R1, [R0]
   31 0000001C         ; r1 <- instruction
   32 0000001C F001 00FF       AND              R0, R1, 0xFF
   33 00000020 4639            MOV              R1,R7
   34 00000022 F7FF BFFE       B                SVC_Handler_Main
   35 00000026         
   36 00000026         ASM_Switch_To_Unprivileged
   37 00000026 F3EF 8014       MRS              R0, control
   38 0000002A F040 0001       ORR              R0, #1
   39 0000002E F380 8814       MSR              control, R0
   40 00000032 4770            BX               LR
   41 00000034         
   42 00000034         
   43 00000034         
   44 00000034                 END
Command Line: --debug --xref --diag_suppress=9931 --cpu=Cortex-M3 --apcs=interw
ork --depend=.\output\user_asm.d -o.\output\user_asm.o -IC:\Keil_v5\ARM\RV31\IN
C -IC:\Keil_v5\ARM\CMSIS\Include -IC:\Keil_v5\ARM\INC\ST\STM32F10x --predefine=
"__EVAL SETA 1" --predefine="__MICROLIB SETA 1" --predefine="__UVISION_VERSION 
SETA 536" --list=.\list\user_asm.lst user_asm.s



ARM Macro Assembler    Page 1 Alphabetic symbol ordering
Relocatable symbols

.text 00000000

Symbol: .text
   Definitions
      At line 7 in file user_asm.s
   Uses
      None
Comment: .text unused
ASM_Switch_To_Unprivileged 00000026

Symbol: ASM_Switch_To_Unprivileged
   Definitions
      At line 36 in file user_asm.s
   Uses
      At line 5 in file user_asm.s
Comment: ASM_Switch_To_Unprivileged used once
SVC_Handler 00000004

Symbol: SVC_Handler
   Definitions
      At line 20 in file user_asm.s
   Uses
      At line 4 in file user_asm.s
Comment: SVC_Handler used once
SYS_PRINT_STR 00000000

Symbol: SYS_PRINT_STR
   Definitions
      At line 16 in file user_asm.s
   Uses
      At line 3 in file user_asm.s
Comment: SYS_PRINT_STR used once
4 symbols



ARM Macro Assembler    Page 1 Alphabetic symbol ordering
External symbols

SVC_Handler_Main 00000000

Symbol: SVC_Handler_Main
   Definitions
      At line 2 in file user_asm.s
   Uses
      At line 34 in file user_asm.s
Comment: SVC_Handler_Main used once
1 symbol
338 symbols in table
