<html>
<body>
<pre>
<h1>µVision Build Log</h1>
<h2>Tool Versions:</h2>
IDE-Version: ¦ÌVision V5.30.0.0
Copyright (C) 2020 ARM Ltd and ARM Germany GmbH. All rights reserved.
License Information: w wj, sdu, LIC=----
 
Tool Versions:
Toolchain:       MDK-Lite  Version: 5.30.0.0
Toolchain Path:  C:\Keil_v5\ARM\ARMCC\Bin
C Compiler:      Armcc.exe V5.06 update 6 (build 750)
Assembler:       Armasm.exe V5.06 update 6 (build 750)
Linker/Locator:  ArmLink.exe V5.06 update 6 (build 750)
Library Manager: ArmAr.exe V5.06 update 6 (build 750)
Hex Converter:   FromElf.exe V5.06 update 6 (build 750)
CPU DLL:         SARMCM3.DLL V5.30.0.0
Dialog DLL:      DARMSTM.DLL V1.68.0.0
Target DLL:      UL2CM3.DLL V1.163.3.0
Dialog DLL:      TARMSTM.DLL V1.66.0.0
 
<h2>Project:</h2>
D:\SDUicloudCache\ÍõÎ°¼Î\work\class4\labnew\code\clean\lab1_demo\lab1\lab1.uvproj
Project File Date:  03/12/2021

<h2>Output:</h2>
*** Using Compiler 'V5.06 update 6 (build 750)', folder: 'C:\Keil_v5\ARM\ARMCC\Bin'
Rebuild target 'template'
assembling startup_stm32f10x_md.s...
assembling os_cpu_a.asm...
assembling user_asm.s...
user_asm.s(21): warning: A1865W: '#' not seen before constant expression
user_asm.s(25): warning: A1865W: '#' not seen before constant expression
compiling os_flag.c...
compiling os_cpu_c.c...
compiling os_dbg.c...
compiling os_core.c...
compiling os_mem.c...
compiling os_mutex.c...
compiling os_mbox.c...
compiling os_q.c...
compiling os_sem.c...
compiling os_task.c...
compiling system_stm32f10x.c...
compiling os_tmr.c...
compiling os_time.c...
compiling stm32f10x_gpio.c...
compiling stm32f10x_exti.c...
compiling main.c...
main.c(48): warning:  #177-D: function "systick_init"  was declared but never referenced
  static void systick_init(void) 
main.c: 1 warning, 0 errors
compiling misc.c...
compiling stm32f10x_flash.c...
compiling stm32f10x_it.c...
compiling stm32f10x_rcc.c...
linking...
Program Size: Code=9120 RO-data=524 RW-data=112 ZI-data=5176  
".\output\template.axf" - 0 Error(s), 3 Warning(s).
Build Time Elapsed:  00:00:01
</pre>
</body>
</html>
